------------------------------------------------------------
Timing Analyzer Summary
------------------------------------------------------------

Type  : Slow 1100mV 85C Model Setup 'inst_pll_sys|altpll_component|auto_generated|generic_pll1~PLL_OUTPUT_COUNTER|divclk'
Slack : 1.093
TNS   : 0.000

Type  : Slow 1100mV 85C Model Hold 'inst_pll_sys|altpll_component|auto_generated|generic_pll1~PLL_OUTPUT_COUNTER|divclk'
Slack : 0.260
TNS   : 0.000

Type  : Slow 1100mV 85C Model Recovery 'inst_pll_sys|altpll_component|auto_generated|generic_pll1~PLL_OUTPUT_COUNTER|divclk'
Slack : 4.022
TNS   : 0.000

Type  : Slow 1100mV 85C Model Removal 'inst_pll_sys|altpll_component|auto_generated|generic_pll1~PLL_OUTPUT_COUNTER|divclk'
Slack : 0.689
TNS   : 0.000

Type  : Slow 1100mV 85C Model Minimum Pulse Width 'inst_pll_sys|altpll_component|auto_generated|generic_pll1~FRACTIONAL_PLL|vcoph[0]'
Slack : 1.666
TNS   : 0.000

Type  : Slow 1100mV 85C Model Minimum Pulse Width 'inst_pll_sys|altpll_component|auto_generated|generic_pll1~PLL_OUTPUT_COUNTER|divclk'
Slack : 3.589
TNS   : 0.000

Type  : Slow 1100mV 85C Model Minimum Pulse Width 'CLOCK_50'
Slack : 9.949
TNS   : 0.000

Type  : Slow 1100mV 0C Model Setup 'inst_pll_sys|altpll_component|auto_generated|generic_pll1~PLL_OUTPUT_COUNTER|divclk'
Slack : 0.983
TNS   : 0.000

Type  : Slow 1100mV 0C Model Hold 'inst_pll_sys|altpll_component|auto_generated|generic_pll1~PLL_OUTPUT_COUNTER|divclk'
Slack : 0.125
TNS   : 0.000

Type  : Slow 1100mV 0C Model Recovery 'inst_pll_sys|altpll_component|auto_generated|generic_pll1~PLL_OUTPUT_COUNTER|divclk'
Slack : 4.299
TNS   : 0.000

Type  : Slow 1100mV 0C Model Removal 'inst_pll_sys|altpll_component|auto_generated|generic_pll1~PLL_OUTPUT_COUNTER|divclk'
Slack : 0.634
TNS   : 0.000

Type  : Slow 1100mV 0C Model Minimum Pulse Width 'inst_pll_sys|altpll_component|auto_generated|generic_pll1~FRACTIONAL_PLL|vcoph[0]'
Slack : 1.666
TNS   : 0.000

Type  : Slow 1100mV 0C Model Minimum Pulse Width 'inst_pll_sys|altpll_component|auto_generated|generic_pll1~PLL_OUTPUT_COUNTER|divclk'
Slack : 3.555
TNS   : 0.000

Type  : Slow 1100mV 0C Model Minimum Pulse Width 'CLOCK_50'
Slack : 9.980
TNS   : 0.000

Type  : Fast 1100mV 85C Model Setup 'inst_pll_sys|altpll_component|auto_generated|generic_pll1~PLL_OUTPUT_COUNTER|divclk'
Slack : 4.142
TNS   : 0.000

Type  : Fast 1100mV 85C Model Hold 'inst_pll_sys|altpll_component|auto_generated|generic_pll1~PLL_OUTPUT_COUNTER|divclk'
Slack : 0.164
TNS   : 0.000

Type  : Fast 1100mV 85C Model Recovery 'inst_pll_sys|altpll_component|auto_generated|generic_pll1~PLL_OUTPUT_COUNTER|divclk'
Slack : 6.290
TNS   : 0.000

Type  : Fast 1100mV 85C Model Removal 'inst_pll_sys|altpll_component|auto_generated|generic_pll1~PLL_OUTPUT_COUNTER|divclk'
Slack : 0.306
TNS   : 0.000

Type  : Fast 1100mV 85C Model Minimum Pulse Width 'inst_pll_sys|altpll_component|auto_generated|generic_pll1~FRACTIONAL_PLL|vcoph[0]'
Slack : 1.666
TNS   : 0.000

Type  : Fast 1100mV 85C Model Minimum Pulse Width 'inst_pll_sys|altpll_component|auto_generated|generic_pll1~PLL_OUTPUT_COUNTER|divclk'
Slack : 3.883
TNS   : 0.000

Type  : Fast 1100mV 85C Model Minimum Pulse Width 'CLOCK_50'
Slack : 9.643
TNS   : 0.000

Type  : Fast 1100mV 0C Model Setup 'inst_pll_sys|altpll_component|auto_generated|generic_pll1~PLL_OUTPUT_COUNTER|divclk'
Slack : 4.231
TNS   : 0.000

Type  : Fast 1100mV 0C Model Hold 'inst_pll_sys|altpll_component|auto_generated|generic_pll1~PLL_OUTPUT_COUNTER|divclk'
Slack : 0.102
TNS   : 0.000

Type  : Fast 1100mV 0C Model Recovery 'inst_pll_sys|altpll_component|auto_generated|generic_pll1~PLL_OUTPUT_COUNTER|divclk'
Slack : 6.735
TNS   : 0.000

Type  : Fast 1100mV 0C Model Removal 'inst_pll_sys|altpll_component|auto_generated|generic_pll1~PLL_OUTPUT_COUNTER|divclk'
Slack : 0.277
TNS   : 0.000

Type  : Fast 1100mV 0C Model Minimum Pulse Width 'inst_pll_sys|altpll_component|auto_generated|generic_pll1~FRACTIONAL_PLL|vcoph[0]'
Slack : 1.666
TNS   : 0.000

Type  : Fast 1100mV 0C Model Minimum Pulse Width 'inst_pll_sys|altpll_component|auto_generated|generic_pll1~PLL_OUTPUT_COUNTER|divclk'
Slack : 3.885
TNS   : 0.000

Type  : Fast 1100mV 0C Model Minimum Pulse Width 'CLOCK_50'
Slack : 9.632
TNS   : 0.000

------------------------------------------------------------
