------------------------------------------------------------
Timing Analyzer Summary
------------------------------------------------------------

Type  : Slow 1100mV 85C Model Setup 'FPGA_RESET_N'
Slack : -4.853
TNS   : -154.081

Type  : Slow 1100mV 85C Model Setup 'inst_pll_sys|altpll_component|auto_generated|generic_pll1~PLL_OUTPUT_COUNTER|divclk'
Slack : -3.233
TNS   : -15.426

Type  : Slow 1100mV 85C Model Hold 'inst_pll_sys|altpll_component|auto_generated|generic_pll1~PLL_OUTPUT_COUNTER|divclk'
Slack : 0.223
TNS   : 0.000

Type  : Slow 1100mV 85C Model Hold 'FPGA_RESET_N'
Slack : 0.877
TNS   : 0.000

Type  : Slow 1100mV 85C Model Recovery 'inst_pll_sys|altpll_component|auto_generated|generic_pll1~PLL_OUTPUT_COUNTER|divclk'
Slack : -3.079
TNS   : -212.875

Type  : Slow 1100mV 85C Model Removal 'inst_pll_sys|altpll_component|auto_generated|generic_pll1~PLL_OUTPUT_COUNTER|divclk'
Slack : 0.776
TNS   : 0.000

Type  : Slow 1100mV 85C Model Minimum Pulse Width 'FPGA_RESET_N'
Slack : 0.220
TNS   : 0.000

Type  : Slow 1100mV 85C Model Minimum Pulse Width 'inst_pll_sys|altpll_component|auto_generated|generic_pll1~FRACTIONAL_PLL|vcoph[0]'
Slack : 1.666
TNS   : 0.000

Type  : Slow 1100mV 85C Model Minimum Pulse Width 'inst_pll_sys|altpll_component|auto_generated|generic_pll1~PLL_OUTPUT_COUNTER|divclk'
Slack : 3.593
TNS   : 0.000

Type  : Slow 1100mV 85C Model Minimum Pulse Width 'CLOCK_50'
Slack : 9.731
TNS   : 0.000

Type  : Slow 1100mV 0C Model Setup 'FPGA_RESET_N'
Slack : -4.941
TNS   : -156.634

Type  : Slow 1100mV 0C Model Setup 'inst_pll_sys|altpll_component|auto_generated|generic_pll1~PLL_OUTPUT_COUNTER|divclk'
Slack : -2.940
TNS   : -14.345

Type  : Slow 1100mV 0C Model Hold 'inst_pll_sys|altpll_component|auto_generated|generic_pll1~PLL_OUTPUT_COUNTER|divclk'
Slack : 0.074
TNS   : 0.000

Type  : Slow 1100mV 0C Model Hold 'FPGA_RESET_N'
Slack : 0.737
TNS   : 0.000

Type  : Slow 1100mV 0C Model Recovery 'inst_pll_sys|altpll_component|auto_generated|generic_pll1~PLL_OUTPUT_COUNTER|divclk'
Slack : -2.876
TNS   : -198.438

Type  : Slow 1100mV 0C Model Removal 'inst_pll_sys|altpll_component|auto_generated|generic_pll1~PLL_OUTPUT_COUNTER|divclk'
Slack : 0.645
TNS   : 0.000

Type  : Slow 1100mV 0C Model Minimum Pulse Width 'FPGA_RESET_N'
Slack : 0.219
TNS   : 0.000

Type  : Slow 1100mV 0C Model Minimum Pulse Width 'inst_pll_sys|altpll_component|auto_generated|generic_pll1~FRACTIONAL_PLL|vcoph[0]'
Slack : 1.666
TNS   : 0.000

Type  : Slow 1100mV 0C Model Minimum Pulse Width 'inst_pll_sys|altpll_component|auto_generated|generic_pll1~PLL_OUTPUT_COUNTER|divclk'
Slack : 3.553
TNS   : 0.000

Type  : Slow 1100mV 0C Model Minimum Pulse Width 'CLOCK_50'
Slack : 9.741
TNS   : 0.000

Type  : Fast 1100mV 85C Model Setup 'FPGA_RESET_N'
Slack : -1.912
TNS   : -56.541

Type  : Fast 1100mV 85C Model Setup 'inst_pll_sys|altpll_component|auto_generated|generic_pll1~PLL_OUTPUT_COUNTER|divclk'
Slack : -1.873
TNS   : -6.910

Type  : Fast 1100mV 85C Model Hold 'inst_pll_sys|altpll_component|auto_generated|generic_pll1~PLL_OUTPUT_COUNTER|divclk'
Slack : 0.122
TNS   : 0.000

Type  : Fast 1100mV 85C Model Hold 'FPGA_RESET_N'
Slack : 0.421
TNS   : 0.000

Type  : Fast 1100mV 85C Model Recovery 'inst_pll_sys|altpll_component|auto_generated|generic_pll1~PLL_OUTPUT_COUNTER|divclk'
Slack : -1.867
TNS   : -129.332

Type  : Fast 1100mV 85C Model Removal 'inst_pll_sys|altpll_component|auto_generated|generic_pll1~PLL_OUTPUT_COUNTER|divclk'
Slack : 0.377
TNS   : 0.000

Type  : Fast 1100mV 85C Model Minimum Pulse Width 'FPGA_RESET_N'
Slack : -0.185
TNS   : -0.717

Type  : Fast 1100mV 85C Model Minimum Pulse Width 'inst_pll_sys|altpll_component|auto_generated|generic_pll1~FRACTIONAL_PLL|vcoph[0]'
Slack : 1.666
TNS   : 0.000

Type  : Fast 1100mV 85C Model Minimum Pulse Width 'inst_pll_sys|altpll_component|auto_generated|generic_pll1~PLL_OUTPUT_COUNTER|divclk'
Slack : 3.887
TNS   : 0.000

Type  : Fast 1100mV 85C Model Minimum Pulse Width 'CLOCK_50'
Slack : 9.336
TNS   : 0.000

Type  : Fast 1100mV 0C Model Setup 'inst_pll_sys|altpll_component|auto_generated|generic_pll1~PLL_OUTPUT_COUNTER|divclk'
Slack : -1.811
TNS   : -6.344

Type  : Fast 1100mV 0C Model Setup 'FPGA_RESET_N'
Slack : -1.671
TNS   : -49.503

Type  : Fast 1100mV 0C Model Hold 'inst_pll_sys|altpll_component|auto_generated|generic_pll1~PLL_OUTPUT_COUNTER|divclk'
Slack : 0.075
TNS   : 0.000

Type  : Fast 1100mV 0C Model Hold 'FPGA_RESET_N'
Slack : 0.367
TNS   : 0.000

Type  : Fast 1100mV 0C Model Recovery 'inst_pll_sys|altpll_component|auto_generated|generic_pll1~PLL_OUTPUT_COUNTER|divclk'
Slack : -1.814
TNS   : -125.648

Type  : Fast 1100mV 0C Model Removal 'inst_pll_sys|altpll_component|auto_generated|generic_pll1~PLL_OUTPUT_COUNTER|divclk'
Slack : 0.341
TNS   : 0.000

Type  : Fast 1100mV 0C Model Minimum Pulse Width 'FPGA_RESET_N'
Slack : -0.242
TNS   : -3.920

Type  : Fast 1100mV 0C Model Minimum Pulse Width 'inst_pll_sys|altpll_component|auto_generated|generic_pll1~FRACTIONAL_PLL|vcoph[0]'
Slack : 1.666
TNS   : 0.000

Type  : Fast 1100mV 0C Model Minimum Pulse Width 'inst_pll_sys|altpll_component|auto_generated|generic_pll1~PLL_OUTPUT_COUNTER|divclk'
Slack : 3.888
TNS   : 0.000

Type  : Fast 1100mV 0C Model Minimum Pulse Width 'CLOCK_50'
Slack : 9.286
TNS   : 0.000

------------------------------------------------------------
