------------------------------------------------------------
Timing Analyzer Summary
------------------------------------------------------------

Type  : Slow 1200mV 85C Model Setup 'inst_pll_sys|altpll_component|auto_generated|pll1|clk[0]'
Slack : 1.198
TNS   : 0.000

Type  : Slow 1200mV 85C Model Hold 'inst_pll_sys|altpll_component|auto_generated|pll1|clk[0]'
Slack : 0.323
TNS   : 0.000

Type  : Slow 1200mV 85C Model Recovery 'inst_pll_sys|altpll_component|auto_generated|pll1|clk[0]'
Slack : 1.979
TNS   : 0.000

Type  : Slow 1200mV 85C Model Removal 'inst_pll_sys|altpll_component|auto_generated|pll1|clk[0]'
Slack : 2.209
TNS   : 0.000

Type  : Slow 1200mV 85C Model Minimum Pulse Width 'inst_pll_sys|altpll_component|auto_generated|pll1|clk[0]'
Slack : 4.692
TNS   : 0.000

Type  : Slow 1200mV 85C Model Minimum Pulse Width 'CLOCK_50'
Slack : 9.747
TNS   : 0.000

Type  : Slow 1200mV 0C Model Setup 'inst_pll_sys|altpll_component|auto_generated|pll1|clk[0]'
Slack : 2.045
TNS   : 0.000

Type  : Slow 1200mV 0C Model Hold 'inst_pll_sys|altpll_component|auto_generated|pll1|clk[0]'
Slack : 0.298
TNS   : 0.000

Type  : Slow 1200mV 0C Model Recovery 'inst_pll_sys|altpll_component|auto_generated|pll1|clk[0]'
Slack : 2.342
TNS   : 0.000

Type  : Slow 1200mV 0C Model Removal 'inst_pll_sys|altpll_component|auto_generated|pll1|clk[0]'
Slack : 1.964
TNS   : 0.000

Type  : Slow 1200mV 0C Model Minimum Pulse Width 'inst_pll_sys|altpll_component|auto_generated|pll1|clk[0]'
Slack : 4.719
TNS   : 0.000

Type  : Slow 1200mV 0C Model Minimum Pulse Width 'CLOCK_50'
Slack : 9.709
TNS   : 0.000

Type  : Fast 1200mV 0C Model Setup 'inst_pll_sys|altpll_component|auto_generated|pll1|clk[0]'
Slack : 3.987
TNS   : 0.000

Type  : Fast 1200mV 0C Model Hold 'inst_pll_sys|altpll_component|auto_generated|pll1|clk[0]'
Slack : 0.155
TNS   : 0.000

Type  : Fast 1200mV 0C Model Recovery 'inst_pll_sys|altpll_component|auto_generated|pll1|clk[0]'
Slack : 3.191
TNS   : 0.000

Type  : Fast 1200mV 0C Model Removal 'inst_pll_sys|altpll_component|auto_generated|pll1|clk[0]'
Slack : 1.280
TNS   : 0.000

Type  : Fast 1200mV 0C Model Minimum Pulse Width 'inst_pll_sys|altpll_component|auto_generated|pll1|clk[0]'
Slack : 4.749
TNS   : 0.000

Type  : Fast 1200mV 0C Model Minimum Pulse Width 'CLOCK_50'
Slack : 9.416
TNS   : 0.000

------------------------------------------------------------
