------------------------------------------------------------
Timing Analyzer Summary
------------------------------------------------------------

Type  : Slow 1200mV 85C Model Setup 'inst_pll_sys|altpll_component|auto_generated|pll1|clk[0]'
Slack : 0.883
TNS   : 0.000

Type  : Slow 1200mV 85C Model Setup 'U0|altpll_component|auto_generated|pll1|clk[0]'
Slack : 247.954
TNS   : 0.000

Type  : Slow 1200mV 85C Model Setup 'U0|altpll_component|auto_generated|pll1|clk[1]'
Slack : 248.257
TNS   : 0.000

Type  : Slow 1200mV 85C Model Hold 'inst_pll_sys|altpll_component|auto_generated|pll1|clk[0]'
Slack : 0.324
TNS   : 0.000

Type  : Slow 1200mV 85C Model Hold 'U0|altpll_component|auto_generated|pll1|clk[0]'
Slack : 0.357
TNS   : 0.000

Type  : Slow 1200mV 85C Model Hold 'U0|altpll_component|auto_generated|pll1|clk[1]'
Slack : 250.368
TNS   : 0.000

Type  : Slow 1200mV 85C Model Recovery 'inst_pll_sys|altpll_component|auto_generated|pll1|clk[0]'
Slack : 6.213
TNS   : 0.000

Type  : Slow 1200mV 85C Model Removal 'inst_pll_sys|altpll_component|auto_generated|pll1|clk[0]'
Slack : 0.899
TNS   : 0.000

Type  : Slow 1200mV 85C Model Minimum Pulse Width 'inst_pll_sys|altpll_component|auto_generated|pll1|clk[0]'
Slack : 4.655
TNS   : 0.000

Type  : Slow 1200mV 85C Model Minimum Pulse Width 'CLOCK_50'
Slack : 9.747
TNS   : 0.000

Type  : Slow 1200mV 85C Model Minimum Pulse Width 'U0|altpll_component|auto_generated|pll1|clk[0]'
Slack : 249.746
TNS   : 0.000

Type  : Slow 1200mV 85C Model Minimum Pulse Width 'U0|altpll_component|auto_generated|pll1|clk[1]'
Slack : 249.746
TNS   : 0.000

Type  : Slow 1200mV 0C Model Setup 'inst_pll_sys|altpll_component|auto_generated|pll1|clk[0]'
Slack : 1.814
TNS   : 0.000

Type  : Slow 1200mV 0C Model Setup 'U0|altpll_component|auto_generated|pll1|clk[0]'
Slack : 248.151
TNS   : 0.000

Type  : Slow 1200mV 0C Model Setup 'U0|altpll_component|auto_generated|pll1|clk[1]'
Slack : 248.441
TNS   : 0.000

Type  : Slow 1200mV 0C Model Hold 'U0|altpll_component|auto_generated|pll1|clk[0]'
Slack : 0.311
TNS   : 0.000

Type  : Slow 1200mV 0C Model Hold 'inst_pll_sys|altpll_component|auto_generated|pll1|clk[0]'
Slack : 0.311
TNS   : 0.000

Type  : Slow 1200mV 0C Model Hold 'U0|altpll_component|auto_generated|pll1|clk[1]'
Slack : 250.323
TNS   : 0.000

Type  : Slow 1200mV 0C Model Recovery 'inst_pll_sys|altpll_component|auto_generated|pll1|clk[0]'
Slack : 6.609
TNS   : 0.000

Type  : Slow 1200mV 0C Model Removal 'inst_pll_sys|altpll_component|auto_generated|pll1|clk[0]'
Slack : 0.810
TNS   : 0.000

Type  : Slow 1200mV 0C Model Minimum Pulse Width 'inst_pll_sys|altpll_component|auto_generated|pll1|clk[0]'
Slack : 4.685
TNS   : 0.000

Type  : Slow 1200mV 0C Model Minimum Pulse Width 'CLOCK_50'
Slack : 9.708
TNS   : 0.000

Type  : Slow 1200mV 0C Model Minimum Pulse Width 'U0|altpll_component|auto_generated|pll1|clk[0]'
Slack : 249.743
TNS   : 0.000

Type  : Slow 1200mV 0C Model Minimum Pulse Width 'U0|altpll_component|auto_generated|pll1|clk[1]'
Slack : 249.743
TNS   : 0.000

Type  : Fast 1200mV 0C Model Setup 'inst_pll_sys|altpll_component|auto_generated|pll1|clk[0]'
Slack : 4.820
TNS   : 0.000

Type  : Fast 1200mV 0C Model Setup 'U0|altpll_component|auto_generated|pll1|clk[0]'
Slack : 248.843
TNS   : 0.000

Type  : Fast 1200mV 0C Model Setup 'U0|altpll_component|auto_generated|pll1|clk[1]'
Slack : 249.022
TNS   : 0.000

Type  : Fast 1200mV 0C Model Hold 'inst_pll_sys|altpll_component|auto_generated|pll1|clk[0]'
Slack : 0.157
TNS   : 0.000

Type  : Fast 1200mV 0C Model Hold 'U0|altpll_component|auto_generated|pll1|clk[0]'
Slack : 0.186
TNS   : 0.000

Type  : Fast 1200mV 0C Model Hold 'U0|altpll_component|auto_generated|pll1|clk[1]'
Slack : 250.179
TNS   : 0.000

Type  : Fast 1200mV 0C Model Recovery 'inst_pll_sys|altpll_component|auto_generated|pll1|clk[0]'
Slack : 7.722
TNS   : 0.000

Type  : Fast 1200mV 0C Model Removal 'inst_pll_sys|altpll_component|auto_generated|pll1|clk[0]'
Slack : 0.491
TNS   : 0.000

Type  : Fast 1200mV 0C Model Minimum Pulse Width 'inst_pll_sys|altpll_component|auto_generated|pll1|clk[0]'
Slack : 4.748
TNS   : 0.000

Type  : Fast 1200mV 0C Model Minimum Pulse Width 'CLOCK_50'
Slack : 9.416
TNS   : 0.000

Type  : Fast 1200mV 0C Model Minimum Pulse Width 'U0|altpll_component|auto_generated|pll1|clk[0]'
Slack : 249.782
TNS   : 0.000

Type  : Fast 1200mV 0C Model Minimum Pulse Width 'U0|altpll_component|auto_generated|pll1|clk[1]'
Slack : 249.782
TNS   : 0.000

------------------------------------------------------------
