------------------------------------------------------------
Timing Analyzer Summary
------------------------------------------------------------

Type  : Slow 1200mV 85C Model Setup 'inst_pll_sys|altpll_component|auto_generated|pll1|clk[0]'
Slack : 0.612
TNS   : 0.000

Type  : Slow 1200mV 85C Model Hold 'inst_pll_sys|altpll_component|auto_generated|pll1|clk[0]'
Slack : 0.307
TNS   : 0.000

Type  : Slow 1200mV 85C Model Recovery 'inst_pll_sys|altpll_component|auto_generated|pll1|clk[0]'
Slack : 5.740
TNS   : 0.000

Type  : Slow 1200mV 85C Model Removal 'inst_pll_sys|altpll_component|auto_generated|pll1|clk[0]'
Slack : 0.919
TNS   : 0.000

Type  : Slow 1200mV 85C Model Minimum Pulse Width 'inst_pll_sys|altpll_component|auto_generated|pll1|clk[0]'
Slack : 4.658
TNS   : 0.000

Type  : Slow 1200mV 85C Model Minimum Pulse Width 'CLOCK_50'
Slack : 9.747
TNS   : 0.000

Type  : Slow 1200mV 0C Model Setup 'inst_pll_sys|altpll_component|auto_generated|pll1|clk[0]'
Slack : 1.612
TNS   : 0.000

Type  : Slow 1200mV 0C Model Hold 'inst_pll_sys|altpll_component|auto_generated|pll1|clk[0]'
Slack : 0.298
TNS   : 0.000

Type  : Slow 1200mV 0C Model Recovery 'inst_pll_sys|altpll_component|auto_generated|pll1|clk[0]'
Slack : 6.215
TNS   : 0.000

Type  : Slow 1200mV 0C Model Removal 'inst_pll_sys|altpll_component|auto_generated|pll1|clk[0]'
Slack : 0.829
TNS   : 0.000

Type  : Slow 1200mV 0C Model Minimum Pulse Width 'inst_pll_sys|altpll_component|auto_generated|pll1|clk[0]'
Slack : 4.687
TNS   : 0.000

Type  : Slow 1200mV 0C Model Minimum Pulse Width 'CLOCK_50'
Slack : 9.709
TNS   : 0.000

Type  : Fast 1200mV 0C Model Setup 'inst_pll_sys|altpll_component|auto_generated|pll1|clk[0]'
Slack : 4.828
TNS   : 0.000

Type  : Fast 1200mV 0C Model Hold 'inst_pll_sys|altpll_component|auto_generated|pll1|clk[0]'
Slack : 0.145
TNS   : 0.000

Type  : Fast 1200mV 0C Model Recovery 'inst_pll_sys|altpll_component|auto_generated|pll1|clk[0]'
Slack : 7.469
TNS   : 0.000

Type  : Fast 1200mV 0C Model Removal 'inst_pll_sys|altpll_component|auto_generated|pll1|clk[0]'
Slack : 0.503
TNS   : 0.000

Type  : Fast 1200mV 0C Model Minimum Pulse Width 'inst_pll_sys|altpll_component|auto_generated|pll1|clk[0]'
Slack : 4.748
TNS   : 0.000

Type  : Fast 1200mV 0C Model Minimum Pulse Width 'CLOCK_50'
Slack : 9.416
TNS   : 0.000

------------------------------------------------------------
